[2026-10-01T09:45:09Z] === ENRICH ITERATION 1 START | repo=block/francis sha=cc54b4d9 ===
[2026-10-01T09:45:09Z] [iter=1] PHASE START: enrich repo=block/francis sha=cc54b4d9 runlog=/home/runner/work/forx/forx/storage/aggregate/lsp/logs/cc54b4d9-enrich-iter-001.log output=/home/runner/work/forx/forx/storage/aggregate/lsp/cc54b4d974058fdc1faf9971a5011a88b80845b2.nq.gz
[2026-10-01T09:45:09Z] [iter=1] Step 1: Loading AST into disk-backed store mem_mb=78 MB
[2026-10-01T09:45:11Z] [iter=1] AST store loaded triples=306741 load_secs=2 mem_mb=559 MB
[2026-10-01T09:45:11Z] [iter=1] Step 2: Finding LSP targets mem_mb=559 MB
[2026-10-01T09:45:12Z] [iter=1] LSP targets found call_sites=3154 imports=286 extends=0 implements=0 secs=1
[2026-10-01T09:45:13Z] [iter=1] Step 2.7: Building position index (one-shot, shared across resolvers) mem_mb=559 MB
[2026-10-01T09:45:14Z] [iter=1] Position index built positions=17647 nodes_with_types=22513 secs=1 mem_mb=559 MB
[2026-10-01T09:45:14Z] [iter=1] Step 3: Starting LSP resolution mem_mb=559 MB already_completed_types=[] already_completed_files=0
[2026-10-01T09:45:14Z] [iter=1] Resolving target type target_type=call_site count=3154
[2026-10-01T09:45:42Z] [iter=1] HEARTBEAT target_type=call_site elapsed_min=0.6 files_done=1 resolved=13 errors=113 current=tool/release/src/main/kotlin/com/squareup/francis/release/ReleaseContext.kt
[2026-10-01T09:46:27Z] [iter=1] HEARTBEAT target_type=call_site elapsed_min=1.3 files_done=9 resolved=62 errors=455 current=demo/build.gradle.kts
[2026-10-01T09:46:59Z] [iter=1] HEARTBEAT target_type=call_site elapsed_min=1.8 files_done=20 resolved=160 errors=707 current=tool/release/src/main/kotlin/com/squareup/francis/release/Main.kt
[2026-10-01T09:47:36Z] [iter=1] HEARTBEAT target_type=call_site elapsed_min=2.5 files_done=33 resolved=197 errors=991 current=demo-instrumentation/src/main/java/com/squareup/francis/DisplayedWaiter.kt
[2026-10-01T09:48:07Z] [iter=1] HEARTBEAT target_type=call_site elapsed_min=3.0 files_done=63 resolved=211 errors=1169 current=gradlew
[2026-10-01T09:48:09Z] [iter=1] Target type resolved target_type=call_site resolved=211 errors=1176 secs=174 mem_mb=559 MB
[2026-10-01T09:48:09Z] [iter=1] Resolving target type target_type=import_statement count=286
[2026-10-01T09:48:26Z] [iter=1] Target type resolved target_type=import_statement resolved=0 errors=0 secs=17 mem_mb=559 MB
[2026-10-01T09:48:44Z] [iter=1] Step 5: Writing final enrichment file triples=16882
[2026-10-01T09:48:44Z] [iter=1] Enrichment file written path=/home/runner/work/forx/forx/storage/aggregate/lsp/cc54b4d974058fdc1faf9971a5011a88b80845b2.nq.gz size_kb=304
[2026-10-01T09:48:44Z] [iter=1] PHASE END: enrich elapsed_s=215 elapsed_min=3.6 total_triples=16882
